Analysis & Synthesis report for hdl_project
Wed May 13 11:09:43 2026
Quartus II 64-Bit Version 13.0.1 Build 232 06/12/2013 Service Pack 1 SJ Web Edition


---------------------
; Table of Contents ;
---------------------
  1. Legal Notice
  2. Analysis & Synthesis Summary
  3. Analysis & Synthesis Settings
  4. Parallel Compilation
  5. Analysis & Synthesis Source Files Read
  6. Analysis & Synthesis Resource Usage Summary
  7. Analysis & Synthesis Resource Utilization by Entity
  8. Registers Removed During Synthesis
  9. Removed Registers Triggering Further Register Optimizations
 10. General Register Statistics
 11. Inverted Register Statistics
 12. Multiplexer Restructuring Statistics (Restructuring Performed)
 13. Parameter Settings for Inferred Entity Instance: lpm_divide:Mod0
 14. Parameter Settings for Inferred Entity Instance: lpm_divide:Div0
 15. Parameter Settings for Inferred Entity Instance: lpm_divide:Mod1
 16. Parameter Settings for Inferred Entity Instance: lpm_divide:Div1
 17. Parameter Settings for Inferred Entity Instance: lpm_divide:Mod2
 18. Parameter Settings for Inferred Entity Instance: lpm_divide:Div2
 19. Parameter Settings for Inferred Entity Instance: lpm_divide:Mod3
 20. Parameter Settings for Inferred Entity Instance: game_logic:game_unit|lpm_add_sub:Add7
 21. Parameter Settings for Inferred Entity Instance: game_logic:game_unit|lpm_add_sub:Add5
 22. Port Connectivity Checks: "game_logic:game_unit"
 23. Elapsed Time Per Partition
 24. Analysis & Synthesis Messages
 25. Analysis & Synthesis Suppressed Messages



----------------
; Legal Notice ;
----------------
Copyright (C) 1991-2013 Altera Corporation
Your use of Altera Corporation's design tools, logic functions 
and other software and tools, and its AMPP partner logic 
functions, and any output files from any of the foregoing 
(including device programming or simulation files), and any 
associated documentation or information are expressly subject 
to the terms and conditions of the Altera Program License 
Subscription Agreement, Altera MegaCore Function License 
Agreement, or other applicable license agreement, including, 
without limitation, that your use is for the sole purpose of 
programming logic devices manufactured by Altera and sold by 
Altera or its authorized distributors.  Please refer to the 
applicable agreement for further details.



+--------------------------------------------------------------------------------------+
; Analysis & Synthesis Summary                                                         ;
+------------------------------------+-------------------------------------------------+
; Analysis & Synthesis Status        ; Successful - Wed May 13 11:09:43 2026           ;
; Quartus II 64-Bit Version          ; 13.0.1 Build 232 06/12/2013 SP 1 SJ Web Edition ;
; Revision Name                      ; hdl_project                                     ;
; Top-level Entity Name              ; BrickSmash_DE2                                  ;
; Family                             ; Cyclone II                                      ;
; Total logic elements               ; 1,663                                           ;
;     Total combinational functions  ; 1,655                                           ;
;     Dedicated logic registers      ; 231                                             ;
; Total registers                    ; 231                                             ;
; Total pins                         ; 68                                              ;
; Total virtual pins                 ; 0                                               ;
; Total memory bits                  ; 0                                               ;
; Embedded Multiplier 9-bit elements ; 0                                               ;
; Total PLLs                         ; 0                                               ;
+------------------------------------+-------------------------------------------------+


+----------------------------------------------------------------------------------------------------------------------+
; Analysis & Synthesis Settings                                                                                        ;
+----------------------------------------------------------------------------+--------------------+--------------------+
; Option                                                                     ; Setting            ; Default Value      ;
+----------------------------------------------------------------------------+--------------------+--------------------+
; Device                                                                     ; EP2C35F672C6       ;                    ;
; Top-level entity name                                                      ; BrickSmash_DE2     ; hdl_project        ;
; Family name                                                                ; Cyclone II         ; Cyclone IV GX      ;
; Use smart compilation                                                      ; Off                ; Off                ;
; Enable parallel Assembler and TimeQuest Timing Analyzer during compilation ; On                 ; On                 ;
; Enable compact report table                                                ; Off                ; Off                ;
; Restructure Multiplexers                                                   ; Auto               ; Auto               ;
; Create Debugging Nodes for IP Cores                                        ; Off                ; Off                ;
; Preserve fewer node names                                                  ; On                 ; On                 ;
; Disable OpenCore Plus hardware evaluation                                  ; Off                ; Off                ;
; Verilog Version                                                            ; Verilog_2001       ; Verilog_2001       ;
; VHDL Version                                                               ; VHDL_1993          ; VHDL_1993          ;
; State Machine Processing                                                   ; Auto               ; Auto               ;
; Safe State Machine                                                         ; Off                ; Off                ;
; Extract Verilog State Machines                                             ; On                 ; On                 ;
; Extract VHDL State Machines                                                ; On                 ; On                 ;
; Ignore Verilog initial constructs                                          ; Off                ; Off                ;
; Iteration limit for constant Verilog loops                                 ; 5000               ; 5000               ;
; Iteration limit for non-constant Verilog loops                             ; 250                ; 250                ;
; Add Pass-Through Logic to Inferred RAMs                                    ; On                 ; On                 ;
; Infer RAMs from Raw Logic                                                  ; On                 ; On                 ;
; Parallel Synthesis                                                         ; On                 ; On                 ;
; DSP Block Balancing                                                        ; Auto               ; Auto               ;
; NOT Gate Push-Back                                                         ; On                 ; On                 ;
; Power-Up Don't Care                                                        ; On                 ; On                 ;
; Remove Redundant Logic Cells                                               ; Off                ; Off                ;
; Remove Duplicate Registers                                                 ; On                 ; On                 ;
; Ignore CARRY Buffers                                                       ; Off                ; Off                ;
; Ignore CASCADE Buffers                                                     ; Off                ; Off                ;
; Ignore GLOBAL Buffers                                                      ; Off                ; Off                ;
; Ignore ROW GLOBAL Buffers                                                  ; Off                ; Off                ;
; Ignore LCELL Buffers                                                       ; Off                ; Off                ;
; Ignore SOFT Buffers                                                        ; On                 ; On                 ;
; Limit AHDL Integers to 32 Bits                                             ; Off                ; Off                ;
; Optimization Technique                                                     ; Balanced           ; Balanced           ;
; Carry Chain Length                                                         ; 70                 ; 70                 ;
; Auto Carry Chains                                                          ; On                 ; On                 ;
; Auto Open-Drain Pins                                                       ; On                 ; On                 ;
; Perform WYSIWYG Primitive Resynthesis                                      ; Off                ; Off                ;
; Auto ROM Replacement                                                       ; On                 ; On                 ;
; Auto RAM Replacement                                                       ; On                 ; On                 ;
; Auto Shift Register Replacement                                            ; Auto               ; Auto               ;
; Allow Shift Register Merging across Hierarchies                            ; Auto               ; Auto               ;
; Auto Clock Enable Replacement                                              ; On                 ; On                 ;
; Strict RAM Replacement                                                     ; Off                ; Off                ;
; Allow Synchronous Control Signals                                          ; On                 ; On                 ;
; Force Use of Synchronous Clear Signals                                     ; Off                ; Off                ;
; Auto RAM to Logic Cell Conversion                                          ; Off                ; Off                ;
; Auto Resource Sharing                                                      ; Off                ; Off                ;
; Allow Any RAM Size For Recognition                                         ; Off                ; Off                ;
; Allow Any ROM Size For Recognition                                         ; Off                ; Off                ;
; Allow Any Shift Register Size For Recognition                              ; Off                ; Off                ;
; Use LogicLock Constraints during Resource Balancing                        ; On                 ; On                 ;
; Ignore translate_off and synthesis_off directives                          ; Off                ; Off                ;
; Timing-Driven Synthesis                                                    ; Off                ; Off                ;
; Report Parameter Settings                                                  ; On                 ; On                 ;
; Report Source Assignments                                                  ; On                 ; On                 ;
; Report Connectivity Checks                                                 ; On                 ; On                 ;
; Ignore Maximum Fan-Out Assignments                                         ; Off                ; Off                ;
; Synchronization Register Chain Length                                      ; 2                  ; 2                  ;
; PowerPlay Power Optimization                                               ; Normal compilation ; Normal compilation ;
; HDL message level                                                          ; Level2             ; Level2             ;
; Suppress Register Optimization Related Messages                            ; Off                ; Off                ;
; Number of Removed Registers Reported in Synthesis Report                   ; 5000               ; 5000               ;
; Number of Swept Nodes Reported in Synthesis Report                         ; 5000               ; 5000               ;
; Number of Inverted Registers Reported in Synthesis Report                  ; 100                ; 100                ;
; Clock MUX Protection                                                       ; On                 ; On                 ;
; Auto Gated Clock Conversion                                                ; Off                ; Off                ;
; Block Design Naming                                                        ; Auto               ; Auto               ;
; SDC constraint protection                                                  ; Off                ; Off                ;
; Synthesis Effort                                                           ; Auto               ; Auto               ;
; Shift Register Replacement - Allow Asynchronous Clear Signal               ; On                 ; On                 ;
; Pre-Mapping Resynthesis Optimization                                       ; Off                ; Off                ;
; Analysis & Synthesis Message Level                                         ; Medium             ; Medium             ;
; Disable Register Merging Across Hierarchies                                ; Auto               ; Auto               ;
; Resource Aware Inference For Block RAM                                     ; On                 ; On                 ;
; Synthesis Seed                                                             ; 1                  ; 1                  ;
+----------------------------------------------------------------------------+--------------------+--------------------+


+------------------------------------------+
; Parallel Compilation                     ;
+----------------------------+-------------+
; Processors                 ; Number      ;
+----------------------------+-------------+
; Number detected on machine ; 16          ;
; Maximum allowed            ; 16          ;
;                            ;             ;
; Average used               ; 1.00        ;
; Maximum used               ; 1           ;
;                            ;             ;
; Usage by Processor         ; % Time Used ;
;     Processor 1            ; 100.0%      ;
;     Processors 2-16        ;   0.0%      ;
+----------------------------+-------------+


+-------------------------------------------------------------------------------------------------------------------------------------------------------------------------+
; Analysis & Synthesis Source Files Read                                                                                                                                  ;
+----------------------------------+-----------------+------------------------------+---------------------------------------------------------------------------+---------+
; File Name with User-Entered Path ; Used in Netlist ; File Type                    ; File Name with Absolute Path                                              ; Library ;
+----------------------------------+-----------------+------------------------------+---------------------------------------------------------------------------+---------+
; clk_divider.v                    ; yes             ; User Verilog HDL File        ; D:/TRAN QUANG NHAT/Documents/HDL/HDL_Project/clk_divider.v                ;         ;
; vga_sync.v                       ; yes             ; User Verilog HDL File        ; D:/TRAN QUANG NHAT/Documents/HDL/HDL_Project/vga_sync.v                   ;         ;
; game_logic.v                     ; yes             ; User Verilog HDL File        ; D:/TRAN QUANG NHAT/Documents/HDL/HDL_Project/game_logic.v                 ;         ;
; image_gen.v                      ; yes             ; User Verilog HDL File        ; D:/TRAN QUANG NHAT/Documents/HDL/HDL_Project/image_gen.v                  ;         ;
; BrickSmash_DE2.v                 ; yes             ; User Verilog HDL File        ; D:/TRAN QUANG NHAT/Documents/HDL/HDL_Project/BrickSmash_DE2.v             ;         ;
; hex_decoder.v                    ; yes             ; User Verilog HDL File        ; D:/TRAN QUANG NHAT/Documents/HDL/HDL_Project/hex_decoder.v                ;         ;
; lpm_divide.tdf                   ; yes             ; Megafunction                 ; c:/altera/13.0sp1/quartus/libraries/megafunctions/lpm_divide.tdf          ;         ;
; abs_divider.inc                  ; yes             ; Megafunction                 ; c:/altera/13.0sp1/quartus/libraries/megafunctions/abs_divider.inc         ;         ;
; sign_div_unsign.inc              ; yes             ; Megafunction                 ; c:/altera/13.0sp1/quartus/libraries/megafunctions/sign_div_unsign.inc     ;         ;
; aglobal130.inc                   ; yes             ; Megafunction                 ; c:/altera/13.0sp1/quartus/libraries/megafunctions/aglobal130.inc          ;         ;
; db/lpm_divide_f6m.tdf            ; yes             ; Auto-Generated Megafunction  ; D:/TRAN QUANG NHAT/Documents/HDL/HDL_Project/db/lpm_divide_f6m.tdf        ;         ;
; db/sign_div_unsign_mlh.tdf       ; yes             ; Auto-Generated Megafunction  ; D:/TRAN QUANG NHAT/Documents/HDL/HDL_Project/db/sign_div_unsign_mlh.tdf   ;         ;
; db/alt_u_div_e2f.tdf             ; yes             ; Auto-Generated Megafunction  ; D:/TRAN QUANG NHAT/Documents/HDL/HDL_Project/db/alt_u_div_e2f.tdf         ;         ;
; db/add_sub_lkc.tdf               ; yes             ; Auto-Generated Megafunction  ; D:/TRAN QUANG NHAT/Documents/HDL/HDL_Project/db/add_sub_lkc.tdf           ;         ;
; db/add_sub_mkc.tdf               ; yes             ; Auto-Generated Megafunction  ; D:/TRAN QUANG NHAT/Documents/HDL/HDL_Project/db/add_sub_mkc.tdf           ;         ;
; db/lpm_divide_cem.tdf            ; yes             ; Auto-Generated Megafunction  ; D:/TRAN QUANG NHAT/Documents/HDL/HDL_Project/db/lpm_divide_cem.tdf        ;         ;
; db/lpm_divide_fem.tdf            ; yes             ; Auto-Generated Megafunction  ; D:/TRAN QUANG NHAT/Documents/HDL/HDL_Project/db/lpm_divide_fem.tdf        ;         ;
; db/sign_div_unsign_plh.tdf       ; yes             ; Auto-Generated Megafunction  ; D:/TRAN QUANG NHAT/Documents/HDL/HDL_Project/db/sign_div_unsign_plh.tdf   ;         ;
; db/alt_u_div_k2f.tdf             ; yes             ; Auto-Generated Megafunction  ; D:/TRAN QUANG NHAT/Documents/HDL/HDL_Project/db/alt_u_div_k2f.tdf         ;         ;
; db/lpm_divide_pfm.tdf            ; yes             ; Auto-Generated Megafunction  ; D:/TRAN QUANG NHAT/Documents/HDL/HDL_Project/db/lpm_divide_pfm.tdf        ;         ;
; db/sign_div_unsign_3nh.tdf       ; yes             ; Auto-Generated Megafunction  ; D:/TRAN QUANG NHAT/Documents/HDL/HDL_Project/db/sign_div_unsign_3nh.tdf   ;         ;
; db/alt_u_div_85f.tdf             ; yes             ; Auto-Generated Megafunction  ; D:/TRAN QUANG NHAT/Documents/HDL/HDL_Project/db/alt_u_div_85f.tdf         ;         ;
; lpm_add_sub.tdf                  ; yes             ; Megafunction                 ; c:/altera/13.0sp1/quartus/libraries/megafunctions/lpm_add_sub.tdf         ;         ;
; addcore.inc                      ; yes             ; Megafunction                 ; c:/altera/13.0sp1/quartus/libraries/megafunctions/addcore.inc             ;         ;
; look_add.inc                     ; yes             ; Megafunction                 ; c:/altera/13.0sp1/quartus/libraries/megafunctions/look_add.inc            ;         ;
; bypassff.inc                     ; yes             ; Megafunction                 ; c:/altera/13.0sp1/quartus/libraries/megafunctions/bypassff.inc            ;         ;
; altshift.inc                     ; yes             ; Megafunction                 ; c:/altera/13.0sp1/quartus/libraries/megafunctions/altshift.inc            ;         ;
; alt_stratix_add_sub.inc          ; yes             ; Megafunction                 ; c:/altera/13.0sp1/quartus/libraries/megafunctions/alt_stratix_add_sub.inc ;         ;
; db/add_sub_3ri.tdf               ; yes             ; Auto-Generated Megafunction  ; D:/TRAN QUANG NHAT/Documents/HDL/HDL_Project/db/add_sub_3ri.tdf           ;         ;
+----------------------------------+-----------------+------------------------------+---------------------------------------------------------------------------+---------+


+-----------------------------------------------------------------------------+
; Analysis & Synthesis Resource Usage Summary                                 ;
+---------------------------------------------+-------------------------------+
; Resource                                    ; Usage                         ;
+---------------------------------------------+-------------------------------+
; Estimated Total logic elements              ; 1,663                         ;
;                                             ;                               ;
; Total combinational functions               ; 1655                          ;
; Logic element usage by number of LUT inputs ;                               ;
;     -- 4 input functions                    ; 708                           ;
;     -- 3 input functions                    ; 393                           ;
;     -- <=2 input functions                  ; 554                           ;
;                                             ;                               ;
; Logic elements by mode                      ;                               ;
;     -- normal mode                          ; 1233                          ;
;     -- arithmetic mode                      ; 422                           ;
;                                             ;                               ;
; Total registers                             ; 231                           ;
;     -- Dedicated logic registers            ; 231                           ;
;     -- I/O registers                        ; 0                             ;
;                                             ;                               ;
; I/O pins                                    ; 68                            ;
; Embedded Multiplier 9-bit elements          ; 0                             ;
; Maximum fan-out node                        ; clk_divider:clk_unit|clk_60Hz ;
; Maximum fan-out                             ; 190                           ;
; Total fan-out                               ; 5934                          ;
; Average fan-out                             ; 3.04                          ;
+---------------------------------------------+-------------------------------+


+-------------------------------------------------------------------------------------------------------------------------------------------------------------------------------------------------------------------------------------------------------------------------------------+
; Analysis & Synthesis Resource Utilization by Entity                                                                                                                                                                                                                                 ;
+----------------------------------------+-------------------+--------------+-------------+--------------+---------+-----------+------+--------------+-----------------------------------------------------------------------------------------------------------------+--------------+
; Compilation Hierarchy Node             ; LC Combinationals ; LC Registers ; Memory Bits ; DSP Elements ; DSP 9x9 ; DSP 18x18 ; Pins ; Virtual Pins ; Full Hierarchy Name                                                                                             ; Library Name ;
+----------------------------------------+-------------------+--------------+-------------+--------------+---------+-----------+------+--------------+-----------------------------------------------------------------------------------------------------------------+--------------+
; |BrickSmash_DE2                        ; 1655 (0)          ; 231 (0)      ; 0           ; 0            ; 0       ; 0         ; 68   ; 0            ; |BrickSmash_DE2                                                                                                 ; work         ;
;    |clk_divider:clk_unit|              ; 40 (40)           ; 22 (22)      ; 0           ; 0            ; 0       ; 0         ; 0    ; 0            ; |BrickSmash_DE2|clk_divider:clk_unit                                                                            ; work         ;
;    |game_logic:game_unit|              ; 607 (567)         ; 189 (189)    ; 0           ; 0            ; 0       ; 0         ; 0    ; 0            ; |BrickSmash_DE2|game_logic:game_unit                                                                            ; work         ;
;       |lpm_add_sub:Add5|               ; 21 (0)            ; 0 (0)        ; 0           ; 0            ; 0       ; 0         ; 0    ; 0            ; |BrickSmash_DE2|game_logic:game_unit|lpm_add_sub:Add5                                                           ; work         ;
;          |add_sub_3ri:auto_generated|  ; 21 (21)           ; 0 (0)        ; 0           ; 0            ; 0       ; 0         ; 0    ; 0            ; |BrickSmash_DE2|game_logic:game_unit|lpm_add_sub:Add5|add_sub_3ri:auto_generated                                ; work         ;
;       |lpm_add_sub:Add7|               ; 19 (0)            ; 0 (0)        ; 0           ; 0            ; 0       ; 0         ; 0    ; 0            ; |BrickSmash_DE2|game_logic:game_unit|lpm_add_sub:Add7                                                           ; work         ;
;          |add_sub_3ri:auto_generated|  ; 19 (19)           ; 0 (0)        ; 0           ; 0            ; 0       ; 0         ; 0    ; 0            ; |BrickSmash_DE2|game_logic:game_unit|lpm_add_sub:Add7|add_sub_3ri:auto_generated                                ; work         ;
;    |hex_decoder:h0|                    ; 4 (4)             ; 0 (0)        ; 0           ; 0            ; 0       ; 0         ; 0    ; 0            ; |BrickSmash_DE2|hex_decoder:h0                                                                                  ; work         ;
;    |hex_decoder:h1|                    ; 7 (7)             ; 0 (0)        ; 0           ; 0            ; 0       ; 0         ; 0    ; 0            ; |BrickSmash_DE2|hex_decoder:h1                                                                                  ; work         ;
;    |hex_decoder:h2|                    ; 7 (7)             ; 0 (0)        ; 0           ; 0            ; 0       ; 0         ; 0    ; 0            ; |BrickSmash_DE2|hex_decoder:h2                                                                                  ; work         ;
;    |hex_decoder:h3|                    ; 7 (7)             ; 0 (0)        ; 0           ; 0            ; 0       ; 0         ; 0    ; 0            ; |BrickSmash_DE2|hex_decoder:h3                                                                                  ; work         ;
;    |image_gen:draw_unit|               ; 431 (431)         ; 0 (0)        ; 0           ; 0            ; 0       ; 0         ; 0    ; 0            ; |BrickSmash_DE2|image_gen:draw_unit                                                                             ; work         ;
;    |lpm_divide:Div0|                   ; 108 (0)           ; 0 (0)        ; 0           ; 0            ; 0       ; 0         ; 0    ; 0            ; |BrickSmash_DE2|lpm_divide:Div0                                                                                 ; work         ;
;       |lpm_divide_cem:auto_generated|  ; 108 (0)           ; 0 (0)        ; 0           ; 0            ; 0       ; 0         ; 0    ; 0            ; |BrickSmash_DE2|lpm_divide:Div0|lpm_divide_cem:auto_generated                                                   ; work         ;
;          |sign_div_unsign_mlh:divider| ; 108 (0)           ; 0 (0)        ; 0           ; 0            ; 0       ; 0         ; 0    ; 0            ; |BrickSmash_DE2|lpm_divide:Div0|lpm_divide_cem:auto_generated|sign_div_unsign_mlh:divider                       ; work         ;
;             |alt_u_div_e2f:divider|    ; 108 (108)         ; 0 (0)        ; 0           ; 0            ; 0       ; 0         ; 0    ; 0            ; |BrickSmash_DE2|lpm_divide:Div0|lpm_divide_cem:auto_generated|sign_div_unsign_mlh:divider|alt_u_div_e2f:divider ; work         ;
;    |lpm_divide:Div1|                   ; 113 (0)           ; 0 (0)        ; 0           ; 0            ; 0       ; 0         ; 0    ; 0            ; |BrickSmash_DE2|lpm_divide:Div1                                                                                 ; work         ;
;       |lpm_divide_fem:auto_generated|  ; 113 (0)           ; 0 (0)        ; 0           ; 0            ; 0       ; 0         ; 0    ; 0            ; |BrickSmash_DE2|lpm_divide:Div1|lpm_divide_fem:auto_generated                                                   ; work         ;
;          |sign_div_unsign_plh:divider| ; 113 (0)           ; 0 (0)        ; 0           ; 0            ; 0       ; 0         ; 0    ; 0            ; |BrickSmash_DE2|lpm_divide:Div1|lpm_divide_fem:auto_generated|sign_div_unsign_plh:divider                       ; work         ;
;             |alt_u_div_k2f:divider|    ; 113 (113)         ; 0 (0)        ; 0           ; 0            ; 0       ; 0         ; 0    ; 0            ; |BrickSmash_DE2|lpm_divide:Div1|lpm_divide_fem:auto_generated|sign_div_unsign_plh:divider|alt_u_div_k2f:divider ; work         ;
;    |lpm_divide:Div2|                   ; 61 (0)            ; 0 (0)        ; 0           ; 0            ; 0       ; 0         ; 0    ; 0            ; |BrickSmash_DE2|lpm_divide:Div2                                                                                 ; work         ;
;       |lpm_divide_pfm:auto_generated|  ; 61 (0)            ; 0 (0)        ; 0           ; 0            ; 0       ; 0         ; 0    ; 0            ; |BrickSmash_DE2|lpm_divide:Div2|lpm_divide_pfm:auto_generated                                                   ; work         ;
;          |sign_div_unsign_3nh:divider| ; 61 (0)            ; 0 (0)        ; 0           ; 0            ; 0       ; 0         ; 0    ; 0            ; |BrickSmash_DE2|lpm_divide:Div2|lpm_divide_pfm:auto_generated|sign_div_unsign_3nh:divider                       ; work         ;
;             |alt_u_div_85f:divider|    ; 61 (61)           ; 0 (0)        ; 0           ; 0            ; 0       ; 0         ; 0    ; 0            ; |BrickSmash_DE2|lpm_divide:Div2|lpm_divide_pfm:auto_generated|sign_div_unsign_3nh:divider|alt_u_div_85f:divider ; work         ;
;    |lpm_divide:Mod0|                   ; 111 (0)           ; 0 (0)        ; 0           ; 0            ; 0       ; 0         ; 0    ; 0            ; |BrickSmash_DE2|lpm_divide:Mod0                                                                                 ; work         ;
;       |lpm_divide_f6m:auto_generated|  ; 111 (0)           ; 0 (0)        ; 0           ; 0            ; 0       ; 0         ; 0    ; 0            ; |BrickSmash_DE2|lpm_divide:Mod0|lpm_divide_f6m:auto_generated                                                   ; work         ;
;          |sign_div_unsign_mlh:divider| ; 111 (0)           ; 0 (0)        ; 0           ; 0            ; 0       ; 0         ; 0    ; 0            ; |BrickSmash_DE2|lpm_divide:Mod0|lpm_divide_f6m:auto_generated|sign_div_unsign_mlh:divider                       ; work         ;
;             |alt_u_div_e2f:divider|    ; 111 (111)         ; 0 (0)        ; 0           ; 0            ; 0       ; 0         ; 0    ; 0            ; |BrickSmash_DE2|lpm_divide:Mod0|lpm_divide_f6m:auto_generated|sign_div_unsign_mlh:divider|alt_u_div_e2f:divider ; work         ;
;    |lpm_divide:Mod1|                   ; 73 (0)            ; 0 (0)        ; 0           ; 0            ; 0       ; 0         ; 0    ; 0            ; |BrickSmash_DE2|lpm_divide:Mod1                                                                                 ; work         ;
;       |lpm_divide_f6m:auto_generated|  ; 73 (0)            ; 0 (0)        ; 0           ; 0            ; 0       ; 0         ; 0    ; 0            ; |BrickSmash_DE2|lpm_divide:Mod1|lpm_divide_f6m:auto_generated                                                   ; work         ;
;          |sign_div_unsign_mlh:divider| ; 73 (0)            ; 0 (0)        ; 0           ; 0            ; 0       ; 0         ; 0    ; 0            ; |BrickSmash_DE2|lpm_divide:Mod1|lpm_divide_f6m:auto_generated|sign_div_unsign_mlh:divider                       ; work         ;
;             |alt_u_div_e2f:divider|    ; 73 (73)           ; 0 (0)        ; 0           ; 0            ; 0       ; 0         ; 0    ; 0            ; |BrickSmash_DE2|lpm_divide:Mod1|lpm_divide_f6m:auto_generated|sign_div_unsign_mlh:divider|alt_u_div_e2f:divider ; work         ;
;    |lpm_divide:Mod2|                   ; 38 (0)            ; 0 (0)        ; 0           ; 0            ; 0       ; 0         ; 0    ; 0            ; |BrickSmash_DE2|lpm_divide:Mod2                                                                                 ; work         ;
;       |lpm_divide_f6m:auto_generated|  ; 38 (0)            ; 0 (0)        ; 0           ; 0            ; 0       ; 0         ; 0    ; 0            ; |BrickSmash_DE2|lpm_divide:Mod2|lpm_divide_f6m:auto_generated                                                   ; work         ;
;          |sign_div_unsign_mlh:divider| ; 38 (0)            ; 0 (0)        ; 0           ; 0            ; 0       ; 0         ; 0    ; 0            ; |BrickSmash_DE2|lpm_divide:Mod2|lpm_divide_f6m:auto_generated|sign_div_unsign_mlh:divider                       ; work         ;
;             |alt_u_div_e2f:divider|    ; 38 (38)           ; 0 (0)        ; 0           ; 0            ; 0       ; 0         ; 0    ; 0            ; |BrickSmash_DE2|lpm_divide:Mod2|lpm_divide_f6m:auto_generated|sign_div_unsign_mlh:divider|alt_u_div_e2f:divider ; work         ;
;    |vga_sync:vga_unit|                 ; 48 (48)           ; 20 (20)      ; 0           ; 0            ; 0       ; 0         ; 0    ; 0            ; |BrickSmash_DE2|vga_sync:vga_unit                                                                               ; work         ;
+----------------------------------------+-------------------+--------------+-------------+--------------+---------+-----------+------+--------------+-----------------------------------------------------------------------------------------------------------------+--------------+
Note: For table entries with two numbers listed, the numbers in parentheses indicate the number of resources of the given type used by the specific entity alone. The numbers listed outside of parentheses indicate the total resources of the given type used by the specific entity and all of its sub-entities in the hierarchy.


+---------------------------------------------------------------------------------+
; Registers Removed During Synthesis                                              ;
+----------------------------------------+----------------------------------------+
; Register name                          ; Reason for Removal                     ;
+----------------------------------------+----------------------------------------+
; game_logic:game_unit|score[0]          ; Stuck at GND due to stuck port data_in ;
; game_logic:game_unit|dx[4..9]          ; Merged with game_logic:game_unit|dx[3] ;
; game_logic:game_unit|dy[3..9]          ; Merged with game_logic:game_unit|dx[3] ;
; game_logic:game_unit|dy[2]             ; Merged with game_logic:game_unit|dx[2] ;
; game_logic:game_unit|dy[1]             ; Merged with game_logic:game_unit|dx[1] ;
; game_logic:game_unit|dy[0]             ; Merged with game_logic:game_unit|dx[0] ;
; game_logic:game_unit|dx[3]             ; Stuck at GND due to stuck port data_in ;
; game_logic:game_unit|paddle_x[0]       ; Stuck at GND due to stuck port data_in ;
; game_logic:game_unit|hit_wait[2]       ; Stuck at GND due to stuck port data_in ;
; game_logic:game_unit|dx[1]             ; Merged with game_logic:game_unit|dx[2] ;
; Total Number of Removed Registers = 21 ;                                        ;
+----------------------------------------+----------------------------------------+


+----------------------------------------------------------------------------------------------------+
; Removed Registers Triggering Further Register Optimizations                                        ;
+-------------------------------+---------------------------+----------------------------------------+
; Register name                 ; Reason for Removal        ; Registers Removed due to This Register ;
+-------------------------------+---------------------------+----------------------------------------+
; game_logic:game_unit|score[0] ; Stuck at GND              ; game_logic:game_unit|dx[3]             ;
;                               ; due to stuck port data_in ;                                        ;
+-------------------------------+---------------------------+----------------------------------------+


+------------------------------------------------------+
; General Register Statistics                          ;
+----------------------------------------------+-------+
; Statistic                                    ; Value ;
+----------------------------------------------+-------+
; Total registers                              ; 231   ;
; Number of registers using Synchronous Clear  ; 15    ;
; Number of registers using Synchronous Load   ; 8     ;
; Number of registers using Asynchronous Clear ; 165   ;
; Number of registers using Asynchronous Load  ; 0     ;
; Number of registers using Clock Enable       ; 192   ;
; Number of registers using Preset             ; 0     ;
+----------------------------------------------+-------+


+-----------------------------------------------------+
; Inverted Register Statistics                        ;
+-------------------------------------------+---------+
; Inverted Register                         ; Fan out ;
+-------------------------------------------+---------+
; game_logic:game_unit|bricks[105]          ; 3       ;
; game_logic:game_unit|bricks[101]          ; 3       ;
; game_logic:game_unit|bricks[97]           ; 3       ;
; game_logic:game_unit|bricks[109]          ; 3       ;
; game_logic:game_unit|bricks[102]          ; 3       ;
; game_logic:game_unit|bricks[106]          ; 3       ;
; game_logic:game_unit|bricks[98]           ; 3       ;
; game_logic:game_unit|bricks[110]          ; 3       ;
; game_logic:game_unit|bricks[104]          ; 3       ;
; game_logic:game_unit|bricks[100]          ; 3       ;
; game_logic:game_unit|bricks[96]           ; 3       ;
; game_logic:game_unit|bricks[108]          ; 3       ;
; game_logic:game_unit|bricks[103]          ; 3       ;
; game_logic:game_unit|bricks[107]          ; 3       ;
; game_logic:game_unit|bricks[99]           ; 3       ;
; game_logic:game_unit|bricks[111]          ; 3       ;
; game_logic:game_unit|bricks[86]           ; 3       ;
; game_logic:game_unit|bricks[90]           ; 3       ;
; game_logic:game_unit|bricks[82]           ; 3       ;
; game_logic:game_unit|bricks[94]           ; 3       ;
; game_logic:game_unit|bricks[89]           ; 3       ;
; game_logic:game_unit|bricks[85]           ; 3       ;
; game_logic:game_unit|bricks[81]           ; 3       ;
; game_logic:game_unit|bricks[93]           ; 3       ;
; game_logic:game_unit|bricks[88]           ; 3       ;
; game_logic:game_unit|bricks[84]           ; 3       ;
; game_logic:game_unit|bricks[80]           ; 3       ;
; game_logic:game_unit|bricks[92]           ; 3       ;
; game_logic:game_unit|bricks[87]           ; 3       ;
; game_logic:game_unit|bricks[91]           ; 3       ;
; game_logic:game_unit|bricks[83]           ; 3       ;
; game_logic:game_unit|bricks[95]           ; 3       ;
; game_logic:game_unit|bricks[73]           ; 3       ;
; game_logic:game_unit|bricks[69]           ; 3       ;
; game_logic:game_unit|bricks[65]           ; 3       ;
; game_logic:game_unit|bricks[77]           ; 3       ;
; game_logic:game_unit|bricks[70]           ; 3       ;
; game_logic:game_unit|bricks[74]           ; 3       ;
; game_logic:game_unit|bricks[66]           ; 3       ;
; game_logic:game_unit|bricks[78]           ; 3       ;
; game_logic:game_unit|bricks[72]           ; 3       ;
; game_logic:game_unit|bricks[68]           ; 3       ;
; game_logic:game_unit|bricks[64]           ; 3       ;
; game_logic:game_unit|bricks[76]           ; 3       ;
; game_logic:game_unit|bricks[71]           ; 3       ;
; game_logic:game_unit|bricks[75]           ; 3       ;
; game_logic:game_unit|bricks[67]           ; 3       ;
; game_logic:game_unit|bricks[79]           ; 3       ;
; game_logic:game_unit|bricks[118]          ; 3       ;
; game_logic:game_unit|bricks[117]          ; 3       ;
; game_logic:game_unit|bricks[116]          ; 3       ;
; game_logic:game_unit|bricks[119]          ; 3       ;
; game_logic:game_unit|bricks[114]          ; 3       ;
; game_logic:game_unit|bricks[113]          ; 3       ;
; game_logic:game_unit|bricks[112]          ; 3       ;
; game_logic:game_unit|bricks[115]          ; 3       ;
; game_logic:game_unit|bricks[38]           ; 3       ;
; game_logic:game_unit|bricks[22]           ; 3       ;
; game_logic:game_unit|bricks[6]            ; 3       ;
; game_logic:game_unit|bricks[54]           ; 3       ;
; game_logic:game_unit|bricks[26]           ; 3       ;
; game_logic:game_unit|bricks[42]           ; 3       ;
; game_logic:game_unit|bricks[10]           ; 3       ;
; game_logic:game_unit|bricks[58]           ; 3       ;
; game_logic:game_unit|bricks[18]           ; 3       ;
; game_logic:game_unit|bricks[34]           ; 3       ;
; game_logic:game_unit|bricks[2]            ; 3       ;
; game_logic:game_unit|bricks[50]           ; 3       ;
; game_logic:game_unit|bricks[46]           ; 3       ;
; game_logic:game_unit|bricks[30]           ; 3       ;
; game_logic:game_unit|bricks[14]           ; 3       ;
; game_logic:game_unit|bricks[62]           ; 3       ;
; game_logic:game_unit|bricks[25]           ; 3       ;
; game_logic:game_unit|bricks[41]           ; 3       ;
; game_logic:game_unit|bricks[9]            ; 3       ;
; game_logic:game_unit|bricks[57]           ; 3       ;
; game_logic:game_unit|bricks[37]           ; 3       ;
; game_logic:game_unit|bricks[21]           ; 3       ;
; game_logic:game_unit|bricks[5]            ; 3       ;
; game_logic:game_unit|bricks[53]           ; 3       ;
; game_logic:game_unit|bricks[17]           ; 3       ;
; game_logic:game_unit|bricks[33]           ; 3       ;
; game_logic:game_unit|bricks[1]            ; 3       ;
; game_logic:game_unit|bricks[49]           ; 3       ;
; game_logic:game_unit|bricks[45]           ; 3       ;
; game_logic:game_unit|bricks[29]           ; 3       ;
; game_logic:game_unit|bricks[13]           ; 3       ;
; game_logic:game_unit|bricks[61]           ; 3       ;
; game_logic:game_unit|bricks[24]           ; 3       ;
; game_logic:game_unit|bricks[40]           ; 3       ;
; game_logic:game_unit|bricks[8]            ; 3       ;
; game_logic:game_unit|bricks[56]           ; 3       ;
; game_logic:game_unit|bricks[36]           ; 3       ;
; game_logic:game_unit|bricks[20]           ; 3       ;
; game_logic:game_unit|bricks[4]            ; 3       ;
; game_logic:game_unit|bricks[52]           ; 3       ;
; game_logic:game_unit|bricks[16]           ; 3       ;
; game_logic:game_unit|bricks[32]           ; 3       ;
; game_logic:game_unit|bricks[0]            ; 3       ;
; game_logic:game_unit|bricks[48]           ; 3       ;
; Total number of inverted registers = 120* ;         ;
+-------------------------------------------+---------+
* Table truncated at 100 items. To change the number of inverted registers reported, set the "Number of Inverted Registers Reported" option under Assignments->Settings->Analysis and Synthesis Settings->More Settings


+----------------------------------------------------------------------------------------------------------------------------------------------------------------+
; Multiplexer Restructuring Statistics (Restructuring Performed)                                                                                                 ;
+--------------------+-----------+---------------+----------------------+------------------------+------------+--------------------------------------------------+
; Multiplexer Inputs ; Bus Width ; Baseline Area ; Area if Restructured ; Saving if Restructured ; Registered ; Example Multiplexer Output                       ;
+--------------------+-----------+---------------+----------------------+------------------------+------------+--------------------------------------------------+
; 4:1                ; 3 bits    ; 6 LEs         ; 3 LEs                ; 3 LEs                  ; Yes        ; |BrickSmash_DE2|game_logic:game_unit|hit_wait[0] ;
; 10:1               ; 4 bits    ; 24 LEs        ; 8 LEs                ; 16 LEs                 ; Yes        ; |BrickSmash_DE2|game_logic:game_unit|dx[0]       ;
; 10:1               ; 10 bits   ; 60 LEs        ; 20 LEs               ; 40 LEs                 ; Yes        ; |BrickSmash_DE2|game_logic:game_unit|ball_x[1]   ;
; 10:1               ; 10 bits   ; 60 LEs        ; 20 LEs               ; 40 LEs                 ; Yes        ; |BrickSmash_DE2|game_logic:game_unit|ball_y[4]   ;
; 11:1               ; 15 bits   ; 105 LEs       ; 15 LEs               ; 90 LEs                 ; Yes        ; |BrickSmash_DE2|game_logic:game_unit|score[4]    ;
; 12:1               ; 9 bits    ; 72 LEs        ; 27 LEs               ; 45 LEs                 ; Yes        ; |BrickSmash_DE2|game_logic:game_unit|paddle_x[8] ;
; 12:1               ; 3 bits    ; 24 LEs        ; 15 LEs               ; 9 LEs                  ; Yes        ; |BrickSmash_DE2|game_logic:game_unit|state[2]    ;
; 12:1               ; 8 bits    ; 64 LEs        ; 16 LEs               ; 48 LEs                 ; Yes        ; |BrickSmash_DE2|game_logic:game_unit|timer[0]    ;
; 3:1                ; 2 bits    ; 4 LEs         ; 4 LEs                ; 0 LEs                  ; No         ; |BrickSmash_DE2|image_gen:draw_unit|vga_g[0]     ;
+--------------------+-----------+---------------+----------------------+------------------------+------------+--------------------------------------------------+


+------------------------------------------------------------------+
; Parameter Settings for Inferred Entity Instance: lpm_divide:Mod0 ;
+------------------------+----------------+------------------------+
; Parameter Name         ; Value          ; Type                   ;
+------------------------+----------------+------------------------+
; LPM_WIDTHN             ; 12             ; Untyped                ;
; LPM_WIDTHD             ; 4              ; Untyped                ;
; LPM_NREPRESENTATION    ; UNSIGNED       ; Untyped                ;
; LPM_DREPRESENTATION    ; UNSIGNED       ; Untyped                ;
; LPM_PIPELINE           ; 0              ; Untyped                ;
; LPM_REMAINDERPOSITIVE  ; TRUE           ; Untyped                ;
; MAXIMIZE_SPEED         ; 5              ; Untyped                ;
; CBXI_PARAMETER         ; lpm_divide_f6m ; Untyped                ;
; CARRY_CHAIN            ; MANUAL         ; Untyped                ;
; OPTIMIZE_FOR_SPEED     ; 5              ; Untyped                ;
; AUTO_CARRY_CHAINS      ; ON             ; AUTO_CARRY             ;
; IGNORE_CARRY_BUFFERS   ; OFF            ; IGNORE_CARRY           ;
; AUTO_CASCADE_CHAINS    ; ON             ; AUTO_CASCADE           ;
; IGNORE_CASCADE_BUFFERS ; OFF            ; IGNORE_CASCADE         ;
+------------------------+----------------+------------------------+
Note: In order to hide this table in the UI and the text report file, please set the "Show Parameter Settings in Synthesis Report" option in "Analysis and Synthesis Settings -> More Settings" to "Off".


+------------------------------------------------------------------+
; Parameter Settings for Inferred Entity Instance: lpm_divide:Div0 ;
+------------------------+----------------+------------------------+
; Parameter Name         ; Value          ; Type                   ;
+------------------------+----------------+------------------------+
; LPM_WIDTHN             ; 12             ; Untyped                ;
; LPM_WIDTHD             ; 4              ; Untyped                ;
; LPM_NREPRESENTATION    ; UNSIGNED       ; Untyped                ;
; LPM_DREPRESENTATION    ; UNSIGNED       ; Untyped                ;
; LPM_PIPELINE           ; 0              ; Untyped                ;
; LPM_REMAINDERPOSITIVE  ; TRUE           ; Untyped                ;
; MAXIMIZE_SPEED         ; 5              ; Untyped                ;
; CBXI_PARAMETER         ; lpm_divide_cem ; Untyped                ;
; CARRY_CHAIN            ; MANUAL         ; Untyped                ;
; OPTIMIZE_FOR_SPEED     ; 5              ; Untyped                ;
; AUTO_CARRY_CHAINS      ; ON             ; AUTO_CARRY             ;
; IGNORE_CARRY_BUFFERS   ; OFF            ; IGNORE_CARRY           ;
; AUTO_CASCADE_CHAINS    ; ON             ; AUTO_CASCADE           ;
; IGNORE_CASCADE_BUFFERS ; OFF            ; IGNORE_CASCADE         ;
+------------------------+----------------+------------------------+
Note: In order to hide this table in the UI and the text report file, please set the "Show Parameter Settings in Synthesis Report" option in "Analysis and Synthesis Settings -> More Settings" to "Off".


+------------------------------------------------------------------+
; Parameter Settings for Inferred Entity Instance: lpm_divide:Mod1 ;
+------------------------+----------------+------------------------+
; Parameter Name         ; Value          ; Type                   ;
+------------------------+----------------+------------------------+
; LPM_WIDTHN             ; 12             ; Untyped                ;
; LPM_WIDTHD             ; 4              ; Untyped                ;
; LPM_NREPRESENTATION    ; UNSIGNED       ; Untyped                ;
; LPM_DREPRESENTATION    ; UNSIGNED       ; Untyped                ;
; LPM_PIPELINE           ; 0              ; Untyped                ;
; LPM_REMAINDERPOSITIVE  ; TRUE           ; Untyped                ;
; MAXIMIZE_SPEED         ; 5              ; Untyped                ;
; CBXI_PARAMETER         ; lpm_divide_f6m ; Untyped                ;
; CARRY_CHAIN            ; MANUAL         ; Untyped                ;
; OPTIMIZE_FOR_SPEED     ; 5              ; Untyped                ;
; AUTO_CARRY_CHAINS      ; ON             ; AUTO_CARRY             ;
; IGNORE_CARRY_BUFFERS   ; OFF            ; IGNORE_CARRY           ;
; AUTO_CASCADE_CHAINS    ; ON             ; AUTO_CASCADE           ;
; IGNORE_CASCADE_BUFFERS ; OFF            ; IGNORE_CASCADE         ;
+------------------------+----------------+------------------------+
Note: In order to hide this table in the UI and the text report file, please set the "Show Parameter Settings in Synthesis Report" option in "Analysis and Synthesis Settings -> More Settings" to "Off".


+------------------------------------------------------------------+
; Parameter Settings for Inferred Entity Instance: lpm_divide:Div1 ;
+------------------------+----------------+------------------------+
; Parameter Name         ; Value          ; Type                   ;
+------------------------+----------------+------------------------+
; LPM_WIDTHN             ; 12             ; Untyped                ;
; LPM_WIDTHD             ; 7              ; Untyped                ;
; LPM_NREPRESENTATION    ; UNSIGNED       ; Untyped                ;
; LPM_DREPRESENTATION    ; UNSIGNED       ; Untyped                ;
; LPM_PIPELINE           ; 0              ; Untyped                ;
; LPM_REMAINDERPOSITIVE  ; TRUE           ; Untyped                ;
; MAXIMIZE_SPEED         ; 5              ; Untyped                ;
; CBXI_PARAMETER         ; lpm_divide_fem ; Untyped                ;
; CARRY_CHAIN            ; MANUAL         ; Untyped                ;
; OPTIMIZE_FOR_SPEED     ; 5              ; Untyped                ;
; AUTO_CARRY_CHAINS      ; ON             ; AUTO_CARRY             ;
; IGNORE_CARRY_BUFFERS   ; OFF            ; IGNORE_CARRY           ;
; AUTO_CASCADE_CHAINS    ; ON             ; AUTO_CASCADE           ;
; IGNORE_CASCADE_BUFFERS ; OFF            ; IGNORE_CASCADE         ;
+------------------------+----------------+------------------------+
Note: In order to hide this table in the UI and the text report file, please set the "Show Parameter Settings in Synthesis Report" option in "Analysis and Synthesis Settings -> More Settings" to "Off".


+------------------------------------------------------------------+
; Parameter Settings for Inferred Entity Instance: lpm_divide:Mod2 ;
+------------------------+----------------+------------------------+
; Parameter Name         ; Value          ; Type                   ;
+------------------------+----------------+------------------------+
; LPM_WIDTHN             ; 12             ; Untyped                ;
; LPM_WIDTHD             ; 4              ; Untyped                ;
; LPM_NREPRESENTATION    ; UNSIGNED       ; Untyped                ;
; LPM_DREPRESENTATION    ; UNSIGNED       ; Untyped                ;
; LPM_PIPELINE           ; 0              ; Untyped                ;
; LPM_REMAINDERPOSITIVE  ; TRUE           ; Untyped                ;
; MAXIMIZE_SPEED         ; 5              ; Untyped                ;
; CBXI_PARAMETER         ; lpm_divide_f6m ; Untyped                ;
; CARRY_CHAIN            ; MANUAL         ; Untyped                ;
; OPTIMIZE_FOR_SPEED     ; 5              ; Untyped                ;
; AUTO_CARRY_CHAINS      ; ON             ; AUTO_CARRY             ;
; IGNORE_CARRY_BUFFERS   ; OFF            ; IGNORE_CARRY           ;
; AUTO_CASCADE_CHAINS    ; ON             ; AUTO_CASCADE           ;
; IGNORE_CASCADE_BUFFERS ; OFF            ; IGNORE_CASCADE         ;
+------------------------+----------------+------------------------+
Note: In order to hide this table in the UI and the text report file, please set the "Show Parameter Settings in Synthesis Report" option in "Analysis and Synthesis Settings -> More Settings" to "Off".


+------------------------------------------------------------------+
; Parameter Settings for Inferred Entity Instance: lpm_divide:Div2 ;
+------------------------+----------------+------------------------+
; Parameter Name         ; Value          ; Type                   ;
+------------------------+----------------+------------------------+
; LPM_WIDTHN             ; 12             ; Untyped                ;
; LPM_WIDTHD             ; 10             ; Untyped                ;
; LPM_NREPRESENTATION    ; UNSIGNED       ; Untyped                ;
; LPM_DREPRESENTATION    ; UNSIGNED       ; Untyped                ;
; LPM_PIPELINE           ; 0              ; Untyped                ;
; LPM_REMAINDERPOSITIVE  ; TRUE           ; Untyped                ;
; MAXIMIZE_SPEED         ; 5              ; Untyped                ;
; CBXI_PARAMETER         ; lpm_divide_pfm ; Untyped                ;
; CARRY_CHAIN            ; MANUAL         ; Untyped                ;
; OPTIMIZE_FOR_SPEED     ; 5              ; Untyped                ;
; AUTO_CARRY_CHAINS      ; ON             ; AUTO_CARRY             ;
; IGNORE_CARRY_BUFFERS   ; OFF            ; IGNORE_CARRY           ;
; AUTO_CASCADE_CHAINS    ; ON             ; AUTO_CASCADE           ;
; IGNORE_CASCADE_BUFFERS ; OFF            ; IGNORE_CASCADE         ;
+------------------------+----------------+------------------------+
Note: In order to hide this table in the UI and the text report file, please set the "Show Parameter Settings in Synthesis Report" option in "Analysis and Synthesis Settings -> More Settings" to "Off".


+------------------------------------------------------------------+
; Parameter Settings for Inferred Entity Instance: lpm_divide:Mod3 ;
+------------------------+----------------+------------------------+
; Parameter Name         ; Value          ; Type                   ;
+------------------------+----------------+------------------------+
; LPM_WIDTHN             ; 12             ; Untyped                ;
; LPM_WIDTHD             ; 4              ; Untyped                ;
; LPM_NREPRESENTATION    ; UNSIGNED       ; Untyped                ;
; LPM_DREPRESENTATION    ; UNSIGNED       ; Untyped                ;
; LPM_PIPELINE           ; 0              ; Untyped                ;
; LPM_REMAINDERPOSITIVE  ; TRUE           ; Untyped                ;
; MAXIMIZE_SPEED         ; 5              ; Untyped                ;
; CBXI_PARAMETER         ; lpm_divide_f6m ; Untyped                ;
; CARRY_CHAIN            ; MANUAL         ; Untyped                ;
; OPTIMIZE_FOR_SPEED     ; 5              ; Untyped                ;
; AUTO_CARRY_CHAINS      ; ON             ; AUTO_CARRY             ;
; IGNORE_CARRY_BUFFERS   ; OFF            ; IGNORE_CARRY           ;
; AUTO_CASCADE_CHAINS    ; ON             ; AUTO_CASCADE           ;
; IGNORE_CASCADE_BUFFERS ; OFF            ; IGNORE_CASCADE         ;
+------------------------+----------------+------------------------+
Note: In order to hide this table in the UI and the text report file, please set the "Show Parameter Settings in Synthesis Report" option in "Analysis and Synthesis Settings -> More Settings" to "Off".


+----------------------------------------------------------------------------------------+
; Parameter Settings for Inferred Entity Instance: game_logic:game_unit|lpm_add_sub:Add7 ;
+------------------------+-------------+-------------------------------------------------+
; Parameter Name         ; Value       ; Type                                            ;
+------------------------+-------------+-------------------------------------------------+
; LPM_WIDTH              ; 10          ; Untyped                                         ;
; LPM_REPRESENTATION     ; UNSIGNED    ; Untyped                                         ;
; LPM_DIRECTION          ; DEFAULT     ; Untyped                                         ;
; ONE_INPUT_IS_CONSTANT  ; NO          ; Untyped                                         ;
; LPM_PIPELINE           ; 0           ; Untyped                                         ;
; MAXIMIZE_SPEED         ; 5           ; Untyped                                         ;
; REGISTERED_AT_END      ; 0           ; Untyped                                         ;
; OPTIMIZE_FOR_SPEED     ; 5           ; Untyped                                         ;
; USE_CS_BUFFERS         ; 1           ; Untyped                                         ;
; CARRY_CHAIN            ; MANUAL      ; Untyped                                         ;
; CARRY_CHAIN_LENGTH     ; 48          ; CARRY_CHAIN_LENGTH                              ;
; DEVICE_FAMILY          ; Cyclone II  ; Untyped                                         ;
; USE_WYS                ; OFF         ; Untyped                                         ;
; STYLE                  ; FAST        ; Untyped                                         ;
; CBXI_PARAMETER         ; add_sub_3ri ; Untyped                                         ;
; AUTO_CARRY_CHAINS      ; ON          ; AUTO_CARRY                                      ;
; IGNORE_CARRY_BUFFERS   ; OFF         ; IGNORE_CARRY                                    ;
; AUTO_CASCADE_CHAINS    ; ON          ; AUTO_CASCADE                                    ;
; IGNORE_CASCADE_BUFFERS ; OFF         ; IGNORE_CASCADE                                  ;
+------------------------+-------------+-------------------------------------------------+
Note: In order to hide this table in the UI and the text report file, please set the "Show Parameter Settings in Synthesis Report" option in "Analysis and Synthesis Settings -> More Settings" to "Off".


+----------------------------------------------------------------------------------------+
; Parameter Settings for Inferred Entity Instance: game_logic:game_unit|lpm_add_sub:Add5 ;
+------------------------+-------------+-------------------------------------------------+
; Parameter Name         ; Value       ; Type                                            ;
+------------------------+-------------+-------------------------------------------------+
; LPM_WIDTH              ; 10          ; Untyped                                         ;
; LPM_REPRESENTATION     ; UNSIGNED    ; Untyped                                         ;
; LPM_DIRECTION          ; DEFAULT     ; Untyped                                         ;
; ONE_INPUT_IS_CONSTANT  ; NO          ; Untyped                                         ;
; LPM_PIPELINE           ; 0           ; Untyped                                         ;
; MAXIMIZE_SPEED         ; 5           ; Untyped                                         ;
; REGISTERED_AT_END      ; 0           ; Untyped                                         ;
; OPTIMIZE_FOR_SPEED     ; 5           ; Untyped                                         ;
; USE_CS_BUFFERS         ; 1           ; Untyped                                         ;
; CARRY_CHAIN            ; MANUAL      ; Untyped                                         ;
; CARRY_CHAIN_LENGTH     ; 48          ; CARRY_CHAIN_LENGTH                              ;
; DEVICE_FAMILY          ; Cyclone II  ; Untyped                                         ;
; USE_WYS                ; OFF         ; Untyped                                         ;
; STYLE                  ; FAST        ; Untyped                                         ;
; CBXI_PARAMETER         ; add_sub_3ri ; Untyped                                         ;
; AUTO_CARRY_CHAINS      ; ON          ; AUTO_CARRY                                      ;
; IGNORE_CARRY_BUFFERS   ; OFF         ; IGNORE_CARRY                                    ;
; AUTO_CASCADE_CHAINS    ; ON          ; AUTO_CASCADE                                    ;
; IGNORE_CASCADE_BUFFERS ; OFF         ; IGNORE_CASCADE                                  ;
+------------------------+-------------+-------------------------------------------------+
Note: In order to hide this table in the UI and the text report file, please set the "Show Parameter Settings in Synthesis Report" option in "Analysis and Synthesis Settings -> More Settings" to "Off".


+----------------------------------------------------------------------------------------------------------------------------------------------------------+
; Port Connectivity Checks: "game_logic:game_unit"                                                                                                         ;
+-------+--------+----------+------------------------------------------------------------------------------------------------------------------------------+
; Port  ; Type   ; Severity ; Details                                                                                                                      ;
+-------+--------+----------+------------------------------------------------------------------------------------------------------------------------------+
; score ; Output ; Warning  ; Output or bidir port (16 bits) is wider than the port expression (12 bits) it drives; bit(s) "score[15..12]" have no fanouts ;
+-------+--------+----------+------------------------------------------------------------------------------------------------------------------------------+


+-------------------------------+
; Elapsed Time Per Partition    ;
+----------------+--------------+
; Partition Name ; Elapsed Time ;
+----------------+--------------+
; Top            ; 00:00:04     ;
+----------------+--------------+


+-------------------------------+
; Analysis & Synthesis Messages ;
+-------------------------------+
Info: *******************************************************************
Info: Running Quartus II 64-Bit Analysis & Synthesis
    Info: Version 13.0.1 Build 232 06/12/2013 Service Pack 1 SJ Web Edition
    Info: Processing started: Wed May 13 11:09:36 2026
Info: Command: quartus_map --read_settings_files=on --write_settings_files=off hdl_project -c hdl_project
Info (20030): Parallel compilation is enabled and will use 16 of the 16 processors detected
Info (12021): Found 1 design units, including 1 entities, in source file clk_divider.v
    Info (12023): Found entity 1: clk_divider
Info (12021): Found 1 design units, including 1 entities, in source file vga_sync.v
    Info (12023): Found entity 1: vga_sync
Info (12021): Found 1 design units, including 1 entities, in source file tb_vga_sync.v
    Info (12023): Found entity 1: tb_vga_sync
Info (12021): Found 1 design units, including 1 entities, in source file test_vga.v
    Info (12023): Found entity 1: Test_VGA
Info (12021): Found 1 design units, including 1 entities, in source file game_logic.v
    Info (12023): Found entity 1: game_logic
Info (12021): Found 1 design units, including 1 entities, in source file image_gen.v
    Info (12023): Found entity 1: image_gen
Info (12021): Found 1 design units, including 1 entities, in source file bricksmash_de2.v
    Info (12023): Found entity 1: BrickSmash_DE2
Info (12021): Found 1 design units, including 1 entities, in source file hex_decoder.v
    Info (12023): Found entity 1: hex_decoder
Info (12127): Elaborating entity "BrickSmash_DE2" for the top level hierarchy
Warning (10230): Verilog HDL assignment warning at BrickSmash_DE2.v(24): truncated value with size 32 to match size of target (4)
Warning (10230): Verilog HDL assignment warning at BrickSmash_DE2.v(25): truncated value with size 32 to match size of target (4)
Warning (10230): Verilog HDL assignment warning at BrickSmash_DE2.v(26): truncated value with size 32 to match size of target (4)
Warning (10230): Verilog HDL assignment warning at BrickSmash_DE2.v(27): truncated value with size 32 to match size of target (4)
Info (12128): Elaborating entity "hex_decoder" for hierarchy "hex_decoder:h0"
Info (12128): Elaborating entity "clk_divider" for hierarchy "clk_divider:clk_unit"
Warning (10230): Verilog HDL assignment warning at clk_divider.v(25): truncated value with size 32 to match size of target (20)
Info (12128): Elaborating entity "vga_sync" for hierarchy "vga_sync:vga_unit"
Warning (10230): Verilog HDL assignment warning at vga_sync.v(43): truncated value with size 32 to match size of target (10)
Warning (10230): Verilog HDL assignment warning at vga_sync.v(45): truncated value with size 32 to match size of target (10)
Info (12128): Elaborating entity "game_logic" for hierarchy "game_logic:game_unit"
Warning (10230): Verilog HDL assignment warning at game_logic.v(23): truncated value with size 32 to match size of target (10)
Warning (10230): Verilog HDL assignment warning at game_logic.v(24): truncated value with size 32 to match size of target (10)
Warning (10230): Verilog HDL assignment warning at game_logic.v(62): truncated value with size 32 to match size of target (8)
Warning (10230): Verilog HDL assignment warning at game_logic.v(90): truncated value with size 32 to match size of target (10)
Warning (10230): Verilog HDL assignment warning at game_logic.v(91): truncated value with size 32 to match size of target (10)
Warning (10230): Verilog HDL assignment warning at game_logic.v(94): truncated value with size 32 to match size of target (10)
Warning (10230): Verilog HDL assignment warning at game_logic.v(95): truncated value with size 32 to match size of target (10)
Warning (10230): Verilog HDL assignment warning at game_logic.v(118): truncated value with size 32 to match size of target (3)
Warning (10230): Verilog HDL assignment warning at game_logic.v(140): truncated value with size 32 to match size of target (8)
Warning (10230): Verilog HDL assignment warning at game_logic.v(150): truncated value with size 32 to match size of target (8)
Info (12128): Elaborating entity "image_gen" for hierarchy "image_gen:draw_unit"
Warning (10230): Verilog HDL assignment warning at image_gen.v(18): truncated value with size 10 to match size of target (7)
Warning (10230): Verilog HDL assignment warning at image_gen.v(19): truncated value with size 32 to match size of target (7)
Info (278001): Inferred 9 megafunctions from design logic
    Info (278004): Inferred divider/modulo megafunction ("lpm_divide") from the following logic: "Mod0"
    Info (278004): Inferred divider/modulo megafunction ("lpm_divide") from the following logic: "Div0"
    Info (278004): Inferred divider/modulo megafunction ("lpm_divide") from the following logic: "Mod1"
    Info (278004): Inferred divider/modulo megafunction ("lpm_divide") from the following logic: "Div1"
    Info (278004): Inferred divider/modulo megafunction ("lpm_divide") from the following logic: "Mod2"
    Info (278004): Inferred divider/modulo megafunction ("lpm_divide") from the following logic: "Div2"
    Info (278004): Inferred divider/modulo megafunction ("lpm_divide") from the following logic: "Mod3"
    Info (278002): Inferred adder/subtractor megafunction ("lpm_add_sub") from the following logic: "game_logic:game_unit|Add7"
    Info (278002): Inferred adder/subtractor megafunction ("lpm_add_sub") from the following logic: "game_logic:game_unit|Add5"
Info (12130): Elaborated megafunction instantiation "lpm_divide:Mod0"
Info (12133): Instantiated megafunction "lpm_divide:Mod0" with the following parameter:
    Info (12134): Parameter "LPM_WIDTHN" = "12"
    Info (12134): Parameter "LPM_WIDTHD" = "4"
    Info (12134): Parameter "LPM_NREPRESENTATION" = "UNSIGNED"
    Info (12134): Parameter "LPM_DREPRESENTATION" = "UNSIGNED"
Info (12021): Found 1 design units, including 1 entities, in source file db/lpm_divide_f6m.tdf
    Info (12023): Found entity 1: lpm_divide_f6m
Info (12021): Found 1 design units, including 1 entities, in source file db/sign_div_unsign_mlh.tdf
    Info (12023): Found entity 1: sign_div_unsign_mlh
Info (12021): Found 1 design units, including 1 entities, in source file db/alt_u_div_e2f.tdf
    Info (12023): Found entity 1: alt_u_div_e2f
Info (12021): Found 1 design units, including 1 entities, in source file db/add_sub_lkc.tdf
    Info (12023): Found entity 1: add_sub_lkc
Info (12021): Found 1 design units, including 1 entities, in source file db/add_sub_mkc.tdf
    Info (12023): Found entity 1: add_sub_mkc
Info (12130): Elaborated megafunction instantiation "lpm_divide:Div0"
Info (12133): Instantiated megafunction "lpm_divide:Div0" with the following parameter:
    Info (12134): Parameter "LPM_WIDTHN" = "12"
    Info (12134): Parameter "LPM_WIDTHD" = "4"
    Info (12134): Parameter "LPM_NREPRESENTATION" = "UNSIGNED"
    Info (12134): Parameter "LPM_DREPRESENTATION" = "UNSIGNED"
Info (12021): Found 1 design units, including 1 entities, in source file db/lpm_divide_cem.tdf
    Info (12023): Found entity 1: lpm_divide_cem
Info (12130): Elaborated megafunction instantiation "lpm_divide:Mod1"
Info (12133): Instantiated megafunction "lpm_divide:Mod1" with the following parameter:
    Info (12134): Parameter "LPM_WIDTHN" = "12"
    Info (12134): Parameter "LPM_WIDTHD" = "4"
    Info (12134): Parameter "LPM_NREPRESENTATION" = "UNSIGNED"
    Info (12134): Parameter "LPM_DREPRESENTATION" = "UNSIGNED"
Info (12130): Elaborated megafunction instantiation "lpm_divide:Div1"
Info (12133): Instantiated megafunction "lpm_divide:Div1" with the following parameter:
    Info (12134): Parameter "LPM_WIDTHN" = "12"
    Info (12134): Parameter "LPM_WIDTHD" = "7"
    Info (12134): Parameter "LPM_NREPRESENTATION" = "UNSIGNED"
    Info (12134): Parameter "LPM_DREPRESENTATION" = "UNSIGNED"
Info (12021): Found 1 design units, including 1 entities, in source file db/lpm_divide_fem.tdf
    Info (12023): Found entity 1: lpm_divide_fem
Info (12021): Found 1 design units, including 1 entities, in source file db/sign_div_unsign_plh.tdf
    Info (12023): Found entity 1: sign_div_unsign_plh
Info (12021): Found 1 design units, including 1 entities, in source file db/alt_u_div_k2f.tdf
    Info (12023): Found entity 1: alt_u_div_k2f
Info (12130): Elaborated megafunction instantiation "lpm_divide:Div2"
Info (12133): Instantiated megafunction "lpm_divide:Div2" with the following parameter:
    Info (12134): Parameter "LPM_WIDTHN" = "12"
    Info (12134): Parameter "LPM_WIDTHD" = "10"
    Info (12134): Parameter "LPM_NREPRESENTATION" = "UNSIGNED"
    Info (12134): Parameter "LPM_DREPRESENTATION" = "UNSIGNED"
Info (12021): Found 1 design units, including 1 entities, in source file db/lpm_divide_pfm.tdf
    Info (12023): Found entity 1: lpm_divide_pfm
Info (12021): Found 1 design units, including 1 entities, in source file db/sign_div_unsign_3nh.tdf
    Info (12023): Found entity 1: sign_div_unsign_3nh
Info (12021): Found 1 design units, including 1 entities, in source file db/alt_u_div_85f.tdf
    Info (12023): Found entity 1: alt_u_div_85f
Info (12130): Elaborated megafunction instantiation "game_logic:game_unit|lpm_add_sub:Add7"
Info (12133): Instantiated megafunction "game_logic:game_unit|lpm_add_sub:Add7" with the following parameter:
    Info (12134): Parameter "LPM_WIDTH" = "10"
    Info (12134): Parameter "LPM_DIRECTION" = "DEFAULT"
    Info (12134): Parameter "LPM_REPRESENTATION" = "UNSIGNED"
    Info (12134): Parameter "ONE_INPUT_IS_CONSTANT" = "NO"
Info (12021): Found 1 design units, including 1 entities, in source file db/add_sub_3ri.tdf
    Info (12023): Found entity 1: add_sub_3ri
Warning (12241): 1 hierarchies have connectivity warnings - see the Connectivity Checks report folder
Info (13000): Registers with preset signals will power-up high
Info (13003): DEV_CLRn pin will set, and not reset, register with preset signal due to NOT Gate Push-Back
Warning (13024): Output pins are stuck at VCC or GND
    Warning (13410): Pin "VGA_SYNC" is stuck at GND
Info (17016): Found the following redundant logic cells in design
    Info (17048): Logic cell "lpm_divide:Mod2|lpm_divide_f6m:auto_generated|sign_div_unsign_mlh:divider|alt_u_div_e2f:divider|add_sub_11_result_int[0]~0"
    Info (17048): Logic cell "lpm_divide:Mod2|lpm_divide_f6m:auto_generated|sign_div_unsign_mlh:divider|alt_u_div_e2f:divider|add_sub_9_result_int[0]~10"
    Info (17048): Logic cell "lpm_divide:Mod2|lpm_divide_f6m:auto_generated|sign_div_unsign_mlh:divider|alt_u_div_e2f:divider|add_sub_10_result_int[0]~10"
Info (144001): Generated suppressed messages file D:/TRAN QUANG NHAT/Documents/HDL/HDL_Project/output_files/hdl_project.map.smsg
Info (16010): Generating hard_block partition "hard_block:auto_generated_inst"
    Info (16011): Adding 0 node(s), including 0 DDIO, 0 PLL, 0 transceiver and 0 LCELL
Info (21057): Implemented 1732 device resources after synthesis - the final resource count might be different
    Info (21058): Implemented 5 input pins
    Info (21059): Implemented 63 output pins
    Info (21061): Implemented 1664 logic cells
Info: Quartus II 64-Bit Analysis & Synthesis was successful. 0 errors, 22 warnings
    Info: Peak virtual memory: 4647 megabytes
    Info: Processing ended: Wed May 13 11:09:43 2026
    Info: Elapsed time: 00:00:07
    Info: Total CPU time (on all processors): 00:00:06


+------------------------------------------+
; Analysis & Synthesis Suppressed Messages ;
+------------------------------------------+
The suppressed messages can be found in D:/TRAN QUANG NHAT/Documents/HDL/HDL_Project/output_files/hdl_project.map.smsg.


